.................................
----------------------------------------------------------------------
Ran 33 tests in 0.155s

OK
Name                       Stmts   Miss  Cover   Missing
--------------------------------------------------------
utilities/json_parser.py      66     58    12%   21-48, 55-96
utilities/management.py      459    223    51%   88, 100, 198, 276, 303-380, 389-412, 430-480, 489-526, 533-567, 573-613, 617-649, 652-662
utilities/views.py           165     20    88%   27, 36-40, 50, 57, 65, 69, 73, 130-131, 193, 198-200, 213-214, 219, 223
--------------------------------------------------------
TOTAL                       1249    301    76%

9 files skipped due to complete coverage.
